0:0=0.
1:-1=4294967295.
2:2147483647=2147483647.
3:-2147483648=2147483648.
4:-1=4294967295.
5:0=0.
6:-2147483648=2147483648.
7:2147483647=2147483647.
8:-3=2147483645.
9:-2=4294967294.
